GENERIC:10000	None	None	None	None
GENERIC:10001	None	None	None	None
GENERIC:10002	None	None	None	None
GENERIC:10004	None	None	None	None
GENERIC:10039	cpd12239	name	reduced [plastocyanin]	na
GENERIC:10040	cpd12265	name	oxidized [plastocyanin]	na
GENERIC:10042	None	None	None	None
GENERIC:10043	None	None	None	None
GENERIC:10074	None	None	None	None
GENERIC:10075	None	None	None	None
GENERIC:10085	None	None	None	None
GENERIC:10087	None	None	None	None
GENERIC:10089	None	None	None	None
GENERIC:10090	None	None	None	None
GENERIC:10091	None	None	None	None
GENERIC:10092	None	None	None	None
GENERIC:10093	None	None	None	None
GENERIC:10094	None	None	None	None
GENERIC:10095	None	None	None	None
GENERIC:10096	None	None	None	None
GENERIC:10097	None	None	None	None
GENERIC:10098	None	None	None	None
GENERIC:10099	None	None	None	None
GENERIC:10100	None	None	None	None
GENERIC:10101	None	None	None	None
GENERIC:10102	None	None	None	None
GENERIC:10103	None	None	None	None
GENERIC:10104	None	None	None	None
GENERIC:10105	None	None	None	None
GENERIC:10106	None	None	None	None
GENERIC:10107	cpd28316	name	uridine(32) in tRNA	na
GENERIC:10108	None	None	None	None
GENERIC:10109	None	None	None	None
GENERIC:10110	None	None	None	None
GENERIC:10111	cpd28315	name	uridine(31) in tRNA	na
GENERIC:10112	None	None	None	None
GENERIC:10113	None	None	None	None
GENERIC:10114	None	None	None	None
GENERIC:10115	None	None	None	None
GENERIC:10116	None	None	None	None
GENERIC:10117	None	None	None	None
GENERIC:10118	None	None	None	None
GENERIC:10123	None	None	None	None
GENERIC:10124	None	None	None	None
GENERIC:10128	cpd16440	name	tRNA(Sec)	na
GENERIC:10131	None	None	None	None
GENERIC:10132	None	None	None	None
GENERIC:10136	None	None	None	None
GENERIC:10137	None	None	None	None
GENERIC:10143	None	None	None	None
GENERIC:10144	None	None	None	None
GENERIC:10145	None	None	None	None
GENERIC:10147	None	None	None	None
GENERIC:10152	None	None	None	None
GENERIC:10153	None	None	None	None
GENERIC:10154	None	None	None	None
GENERIC:10155	None	None	None	None
GENERIC:10157	None	None	None	None
GENERIC:10158	None	None	None	None
GENERIC:10160	None	None	None	None
GENERIC:10161	None	None	None	None
GENERIC:10162	None	None	None	None
GENERIC:10163	None	None	None	None
GENERIC:10164	None	None	None	None
GENERIC:10165	None	None	None	None
GENERIC:10167	None	None	None	None
GENERIC:10170	None	None	None	None
GENERIC:10171	None	None	None	None
GENERIC:10172	None	None	None	None
GENERIC:10173	None	None	None	None
GENERIC:10174	None	None	None	None
GENERIC:10175	None	None	None	None
GENERIC:10186	None	None	None	None
GENERIC:10188	None	None	None	None
GENERIC:10189	None	None	None	None
GENERIC:10190	None	None	None	None
GENERIC:10192	None	None	None	None
GENERIC:10193	None	None	None	None
GENERIC:10195	None	None	None	None
GENERIC:10196	None	None	None	None
GENERIC:10197	None	None	None	None
GENERIC:10200	cpd21830	name	guanosine(2922) in 27S pre-rRNA	na
GENERIC:10201	cpd12571	name	2'-O-methylguanosine(2922) in 27S pre-rRNA	na
GENERIC:10202	None	None	None	None
GENERIC:10203	None	None	None	None
GENERIC:10204	None	None	None	None
GENERIC:10205	None	None	None	None
GENERIC:10207	None	None	None	None
GENERIC:10208	None	None	None	None
GENERIC:10209	None	None	None	None
GENERIC:10210	None	None	None	None
GENERIC:10211	None	None	None	None
GENERIC:10212	None	None	None	None
GENERIC:10213	None	None	None	None
GENERIC:10214	None	None	None	None
GENERIC:10215	None	None	None	None
GENERIC:10216	None	None	None	None
GENERIC:10217	None	None	None	None
GENERIC:10218	None	None	None	None
GENERIC:10219	None	None	None	None
GENERIC:10220	None	None	None	None
GENERIC:10221	None	None	None	None
GENERIC:10222	None	None	None	None
GENERIC:10223	None	None	None	None
GENERIC:10224	None	None	None	None
GENERIC:10225	None	None	None	None
GENERIC:10226	None	None	None	None
GENERIC:10227	None	None	None	None
GENERIC:10228	None	None	None	None
GENERIC:10229	None	None	None	None
GENERIC:10231	None	None	None	None
GENERIC:10232	None	None	None	None
GENERIC:10233	None	None	None	None
GENERIC:10234	None	None	None	None
GENERIC:10236	None	None	None	None
GENERIC:10237	None	None	None	None
GENERIC:10238	None	None	None	None
GENERIC:10239	None	None	None	None
GENERIC:10241	None	None	None	None
GENERIC:10242	None	None	None	None
GENERIC:10243	None	None	None	None
GENERIC:10244	None	None	None	None
GENERIC:10245	None	None	None	None
GENERIC:10246	None	None	None	None
GENERIC:10247	None	None	None	None
GENERIC:10260	None	None	None	None
GENERIC:10261	None	None	None	None
GENERIC:10271	None	None	None	None
GENERIC:10272	None	None	None	None
GENERIC:10273	None	None	None	None
GENERIC:10274	None	None	None	None
GENERIC:10275	None	None	None	None
GENERIC:10276	None	None	None	None
GENERIC:10278	None	None	None	None
GENERIC:10279	None	None	None	None
GENERIC:10282	None	None	None	None
GENERIC:10283	None	None	None	None
GENERIC:10284	None	None	None	None
GENERIC:10285	None	None	None	None
GENERIC:10286	None	None	None	None
GENERIC:10287	None	None	None	None
GENERIC:10288	None	None	None	None
GENERIC:10289	None	None	None	None
GENERIC:10290	None	None	None	None
GENERIC:10291	None	None	None	None
GENERIC:10292	None	None	None	None
GENERIC:10293	None	None	None	None
GENERIC:10294	None	None	None	None
GENERIC:10295	None	None	None	None
GENERIC:10296	None	None	None	None
GENERIC:10297	None	None	None	None
GENERIC:10299	None	None	None	None
GENERIC:10300	None	None	None	None
GENERIC:10302	cpd11651	name	reduced [rubredoxin]	na
GENERIC:10303	cpd11681	name	oxidized [rubredoxin]	na
GENERIC:10304	None	None	None	None
GENERIC:10305	None	None	None	None
GENERIC:10306	None	None	None	None
GENERIC:10307	None	None	None	None
GENERIC:10308	None	None	None	None
GENERIC:10309	None	None	None	None
GENERIC:10311	None	None	None	None
GENERIC:10331	None	None	None	None
GENERIC:10332	None	None	None	None
GENERIC:10333	None	None	None	None
GENERIC:10334	None	None	None	None
GENERIC:10335	cpd28314	name	uridine(2479) in 23S rRNA	na
GENERIC:10336	cpd21898	name	2'-O-methyluridine(2479) in 23S rRNA	na
GENERIC:10337	None	None	None	None
GENERIC:10338	None	None	None	None
GENERIC:10339	cpd28317	name	uridine(44) in tRNA(Ser)	na
GENERIC:10340	None	None	None	None
GENERIC:10341	None	None	None	None
GENERIC:10342	None	None	None	None
GENERIC:10345	None	None	None	None
GENERIC:10346	None	None	None	None
GENERIC:10350	None	None	None	None
GENERIC:10353	None	None	None	None
GENERIC:10354	None	None	None	None
GENERIC:10355	None	None	None	None
GENERIC:10357	None	None	None	None
GENERIC:10358	None	None	None	None
GENERIC:10359	None	None	None	None
GENERIC:10360	None	None	None	None
GENERIC:10361	None	None	None	None
GENERIC:10362	None	None	None	None
GENERIC:10363	None	None	None	None
GENERIC:10364	None	None	None	None
GENERIC:10365	None	None	None	None
GENERIC:10366	None	None	None	None
GENERIC:10367	None	None	None	None
GENERIC:10368	None	None	None	None
GENERIC:10369	None	None	None	None
GENERIC:10370	None	None	None	None
GENERIC:10371	None	None	None	None
GENERIC:10372	None	None	None	None
GENERIC:10373	None	None	None	None
GENERIC:10374	None	None	None	None
GENERIC:10375	None	None	None	None
GENERIC:10376	cpd23012	name	2-methylsulfanyl-N(6)-dimethylallyladenosine(37) in tRNA	na
GENERIC:10377	cpd33952	name	2-thio-N(6)-dimethylallyladenosine(37) in tRNA	na
GENERIC:10378	None	None	None	None
GENERIC:10379	None	None	None	None
GENERIC:10382	None	None	None	None
GENERIC:10385	None	None	None	None
GENERIC:10386	None	None	None	None
GENERIC:10387	None	None	None	None
GENERIC:10388	None	None	None	None
GENERIC:10389	None	None	None	None
GENERIC:10390	None	None	None	None
GENERIC:10391	None	None	None	None
GENERIC:10392	None	None	None	None
GENERIC:10393	None	None	None	None
GENERIC:10394	None	None	None	None
GENERIC:10395	None	None	None	None
GENERIC:10396	None	None	None	None
GENERIC:10397	None	None	None	None
GENERIC:10398	None	None	None	None
GENERIC:10399	None	None	None	None
GENERIC:10400	None	None	None	None
GENERIC:10401	None	None	None	None
GENERIC:10402	None	None	None	None
GENERIC:10403	None	None	None	None
GENERIC:10404	None	None	None	None
GENERIC:10405	None	None	None	None
GENERIC:10406	None	None	None	None
GENERIC:10407	None	None	None	None
GENERIC:10408	None	None	None	None
GENERIC:10409	None	None	None	None
GENERIC:10410	None	None	None	None
GENERIC:10412	None	None	None	None
GENERIC:10413	None	None	None	None
GENERIC:10415	None	None	None	None
GENERIC:10416	None	None	None	None
GENERIC:10418	None	None	None	None
GENERIC:10419	None	None	None	None
GENERIC:10427	cpd21836	name	uridine(47) in tRNA(Phe)	na
GENERIC:10428	None	None	None	None
GENERIC:10429	None	None	None	None
GENERIC:10430	None	None	None	None
GENERIC:10433	None	None	None	None
GENERIC:10434	None	None	None	None
GENERIC:10436	None	None	None	None
GENERIC:10437	None	None	None	None
GENERIC:10438	None	None	None	None
GENERIC:10439	None	None	None	None
GENERIC:10441	None	None	None	None
GENERIC:10456	None	None	None	None
GENERIC:10460	None	None	None	None
GENERIC:10461	None	None	None	None
GENERIC:10463	None	None	None	None
GENERIC:10464	None	None	None	None
GENERIC:10465	None	None	None	None
GENERIC:10468	None	None	None	None
GENERIC:10474	None	None	None	None
GENERIC:10475	None	None	None	None
GENERIC:10478	None	None	None	None
GENERIC:10480	None	None	None	None
GENERIC:10481	None	None	None	None
GENERIC:10483	None	None	None	None
GENERIC:10484	None	None	None	None
GENERIC:10485	None	None	None	None
GENERIC:10488	None	None	None	None
GENERIC:10489	None	None	None	None
GENERIC:10492	None	None	None	None
GENERIC:10494	None	None	None	None
GENERIC:10495	None	None	None	None
GENERIC:10497	None	None	None	None
GENERIC:10500	None	None	None	None
GENERIC:10501	None	None	None	None
GENERIC:10502	None	None	None	None
GENERIC:10503	None	None	None	None
GENERIC:10504	None	None	None	None
GENERIC:10505	None	None	None	None
GENERIC:10506	None	None	None	None
GENERIC:10508	cpd12601	name	apo-[methylmalonyl-CoA:pyruvate carboxytransferase]	na
GENERIC:10509	cpd12591	name	holo-[methylmalonyl-CoA:pyruvate carboxytransferase]	na
GENERIC:10511	cpd12608	name	apo-[propionyl-CoA:carbon-dioxide ligase (ADP-forming)]	na
GENERIC:10512	cpd12597	name	holo-[propionyl-CoA:carbon-dioxide ligase (ADP-forming)]	na
GENERIC:10514	cpd12630	name	apo-[3-methylcrotonoyl-CoA:carbon-dioxide ligase (ADP-forming)]	na
GENERIC:10515	cpd12621	name	holo-[3-methylcrotonoyl-CoA:carbon-dioxide ligase (ADP-forming)]	na
GENERIC:10531	None	None	None	None
GENERIC:10532	cpd19194	name	L-arginyl-[protein]	na
GENERIC:10533	None	None	None	None
GENERIC:10581	None	None	None	None
GENERIC:10582	None	None	None	None
GENERIC:10588	None	None	None	None
GENERIC:10593	cpd12139	name	[protein]-disulfide	na
GENERIC:10594	cpd12072	name	[protein]-dithiol	na
GENERIC:10605	None	None	None	None
GENERIC:10606	None	None	None	None
GENERIC:10619	None	None	None	None
GENERIC:10620	None	None	None	None
GENERIC:10622	cpd12173	name	reduced [flavodoxin]	na
GENERIC:10623	cpd12207	name	oxidized [flavodoxin]	na
GENERIC:10625	None	None	None	None
GENERIC:10626	None	None	None	None
GENERIC:10630	None	None	None	None
GENERIC:10631	None	None	None	None
GENERIC:10636	None	None	None	None
GENERIC:10637	None	None	None	None
GENERIC:10638	None	None	None	None
GENERIC:10639	None	None	None	None
GENERIC:10640	None	None	None	None
GENERIC:10649	None	None	None	None
GENERIC:10650	None	None	None	None
GENERIC:10651	None	None	None	None
GENERIC:10660	None	None	None	None
GENERIC:10661	None	None	None	None
GENERIC:10668	None	None	None	None
GENERIC:10669	None	None	None	None
GENERIC:10670	None	None	None	None
GENERIC:10672	None	None	None	None
GENERIC:10673	None	None	None	None
GENERIC:10676	None	None	None	None
GENERIC:10677	None	None	None	None
GENERIC:10681	None	None	None	None
GENERIC:10682	None	None	None	None
GENERIC:10683	None	None	None	None
GENERIC:10685	None	None	None	None
GENERIC:10686	cpd12576	name	reduced [electron-transfer flavoprotein]	na
GENERIC:10688	None	None	None	None
GENERIC:10689	None	None	None	None
GENERIC:10691	None	None	None	None
GENERIC:10692	None	None	None	None
GENERIC:10693	None	None	None	None
GENERIC:10694	None	None	None	None
GENERIC:10695	None	None	None	None
GENERIC:10696	None	None	None	None
GENERIC:10698	cpd16831	name	[thioredoxin]-dithiol	na
GENERIC:10700	cpd11420	name	[thioredoxin]-disulfide	na
GENERIC:10719	None	None	None	None
GENERIC:10725	cpd12052	name	apo-[cytochrome c]	na
GENERIC:10726	cpd00410	name	holo-[cytochrome c]	na
GENERIC:10729	None	None	None	None
GENERIC:10730	cpd13050	name	[glutaredoxin]-disulfide	na
GENERIC:10731	None	None	None	None
GENERIC:10742	None	None	None	None
GENERIC:10744	None	None	None	None
GENERIC:10747	None	None	None	None
GENERIC:10748	None	None	None	None
GENERIC:10789	None	None	None	None
GENERIC:10791	None	None	None	None
GENERIC:10800	None	None	None	None
GENERIC:11022	None	None	None	None
GENERIC:11023	None	None	None	None
GENERIC:11024	None	None	None	None
GENERIC:11025	None	None	None	None
GENERIC:11032	None	None	None	None
GENERIC:11034	cpd12711	name	oxidized [azurin]	na
GENERIC:11035	cpd12712	name	reduced [azurin]	na
GENERIC:11060	None	None	None	None
GENERIC:11061	None	None	None	None
GENERIC:11063	None	None	None	None
GENERIC:11064	None	None	None	None
GENERIC:11092	None	None	None	None
GENERIC:11093	None	None	None	None
GENERIC:11094	None	None	None	None
GENERIC:11100	cpd20919	name	oxidized [amicyanin]	na
GENERIC:11101	cpd20920	name	reduced [amicyanin]	na
GENERIC:11106	cpd21917	name	2'-phospho-[ligated tRNA]	na
GENERIC:11107	cpd28519	name	mature tRNA	na
GENERIC:11110	None	None	None	None
GENERIC:11111	None	None	None	None
GENERIC:11120	None	None	None	None
GENERIC:11121	None	None	None	None
GENERIC:11122	None	None	None	None
GENERIC:11123	None	None	None	None
GENERIC:11124	None	None	None	None
GENERIC:11126	None	None	None	None
GENERIC:11170	cpd11799	name	[Wnt protein]-L-serine	na
GENERIC:11171	cpd37060	name	[Wnt protein]-O-(9Z)-hexadecenoyl-L-serine	na
GENERIC:11209	None	None	None	None
GENERIC:11210	None	None	None	None
GENERIC:11222	cpd11817	name	[beta-adrenergic receptor]	na
GENERIC:11223	cpd12474	name	[beta-adrenergic receptor]-phosphate	na
GENERIC:11227	None	None	None	None
GENERIC:11230	None	None	None	None
GENERIC:11231	None	None	None	None
GENERIC:11232	None	None	None	None
GENERIC:11233	None	None	None	None
GENERIC:11234	None	None	None	None
GENERIC:11235	None	None	None	None
GENERIC:11236	None	None	None	None
GENERIC:11239	None	None	None	None
GENERIC:11240	None	None	None	None
GENERIC:11241	None	None	None	None
GENERIC:11242	None	None	None	None
GENERIC:11243	None	None	None	None
GENERIC:11245	None	None	None	None
GENERIC:11246	None	None	None	None
GENERIC:11247	None	None	None	None
GENERIC:11248	None	None	None	None
GENERIC:11249	None	None	None	None
GENERIC:11250	None	None	None	None
GENERIC:11251	None	None	None	None
GENERIC:11252	None	None	None	None
GENERIC:11257	None	None	None	None
GENERIC:11260	None	None	None	None
GENERIC:11261	None	None	None	None
GENERIC:11268	None	None	None	None
GENERIC:11269	None	None	None	None
GENERIC:11278	None	None	None	None
GENERIC:11279	None	None	None	None
GENERIC:11295	None	None	None	None
GENERIC:11297	cpd11493	name	holo-[CmaA peptidyl-carrier protein]	na
GENERIC:11299	cpd11493	name	holo-[CmaD peptidyl-carrier protein]	na
GENERIC:11300	None	None	None	None
GENERIC:11321	cpd12436	name	[DNA-directed RNA polymerase]	na
GENERIC:11322	cpd12537	name	phospho-[DNA-directed RNA polymerase]	na
GENERIC:11338	None	None	None	None
GENERIC:11342	None	None	None	None
GENERIC:11344	None	None	None	None
GENERIC:11355	None	None	None	None
GENERIC:11356	None	None	None	None
GENERIC:11360	cpd12190	name	[calmodulin]-L-lysine	na
GENERIC:11361	cpd12431	name	[calmodulin]-N(6)-methyl-L-lysine	na
GENERIC:11367	None	None	None	None
GENERIC:11368	None	None	None	None
GENERIC:11369	None	None	None	None
GENERIC:11370	None	None	None	None
GENERIC:11400	None	None	None	None
GENERIC:11425	cpd00057	name	[pyruvate, water dikinase]	na
GENERIC:11426	None	None	None	None
GENERIC:11479	None	None	None	None
GENERIC:11480	None	None	None	None
GENERIC:11488	None	None	None	None
GENERIC:11518	None	None	None	None
GENERIC:11519	None	None	None	None
GENERIC:11535	None	None	None	None
GENERIC:11537	None	None	None	None
GENERIC:11556	None	None	None	None
GENERIC:11576	None	None	None	None
GENERIC:11577	None	None	None	None
GENERIC:11591	None	None	None	None
GENERIC:11592	None	None	None	None
GENERIC:11600	None	None	None	None
GENERIC:11602	None	None	None	None
GENERIC:11603	None	None	None	None
GENERIC:11604	None	None	None	None
GENERIC:11605	None	None	None	None
GENERIC:11611	None	None	None	None
GENERIC:11633	None	None	None	None
GENERIC:11634	None	None	None	None
GENERIC:11638	None	None	None	None
GENERIC:11639	None	None	None	None
GENERIC:11640	None	None	None	None
GENERIC:11641	None	None	None	None
GENERIC:11665	None	None	None	None
GENERIC:11666	None	None	None	None
GENERIC:11676	None	None	None	None
GENERIC:11678	None	None	None	None
GENERIC:11680	None	None	None	None
GENERIC:11688	None	None	None	None
GENERIC:11689	None	None	None	None
GENERIC:11691	None	None	None	None
GENERIC:11692	None	None	None	None
GENERIC:11710	cpd11493	name	holo-[LYS2 peptidyl-carrier protein]	na
GENERIC:11711	None	None	None	None
GENERIC:11722	None	None	None	None
GENERIC:11723	None	None	None	None
GENERIC:11724	None	None	None	None
GENERIC:11725	None	None	None	None
GENERIC:11726	None	None	None	None
GENERIC:11727	None	None	None	None
GENERIC:11728	None	None	None	None
GENERIC:11730	None	None	None	None
GENERIC:11731	None	None	None	None
GENERIC:11732	None	None	None	None
GENERIC:11733	None	None	None	None
GENERIC:11736	None	None	None	None
GENERIC:11761	None	None	None	None
GENERIC:11762	None	None	None	None
GENERIC:11777	None	None	None	None
GENERIC:11778	None	None	None	None
GENERIC:11844	None	None	None	None
GENERIC:11846	None	None	None	None
GENERIC:11847	None	None	None	None
GENERIC:11848	None	None	None	None
GENERIC:11866	None	None	None	None
GENERIC:11867	None	None	None	None
GENERIC:11868	None	None	None	None
GENERIC:11869	None	None	None	None
GENERIC:11875	None	None	None	None
GENERIC:11877	None	None	None	None
GENERIC:11878	None	None	None	None
GENERIC:11892	None	None	None	None
GENERIC:11893	None	None	None	None
GENERIC:11894	None	None	None	None
GENERIC:11895	None	None	None	None
GENERIC:11899	None	None	None	None
GENERIC:11900	None	None	None	None
GENERIC:11901	None	None	None	None
GENERIC:11902	None	None	None	None
GENERIC:11903	None	None	None	None
GENERIC:11904	None	None	None	None
GENERIC:11905	None	None	None	None
GENERIC:11906	None	None	None	None
GENERIC:11907	None	None	None	None
GENERIC:11908	None	None	None	None
GENERIC:11909	None	None	None	None
GENERIC:11910	None	None	None	None
GENERIC:11911	None	None	None	None
GENERIC:11912	None	None	None	None
GENERIC:11913	None	None	None	None
GENERIC:11914	None	None	None	None
GENERIC:11915	None	None	None	None
GENERIC:11916	None	None	None	None
GENERIC:11917	None	None	None	None
GENERIC:11918	None	None	None	None
GENERIC:11959	None	None	None	None
GENERIC:11960	None	None	None	None
GENERIC:11964	None	None	None	None
GENERIC:11965	None	None	None	None
GENERIC:11990	None	None	None	None
GENERIC:11991	None	None	None	None
GENERIC:11992	None	None	None	None
GENERIC:11993	None	None	None	None
GENERIC:12068	None	None	None	None
GENERIC:12069	None	None	None	None
GENERIC:12093	None	None	None	None
GENERIC:12094	None	None	None	None
GENERIC:12103	None	None	None	None
GENERIC:12104	None	None	None	None
GENERIC:12125	None	None	None	None
GENERIC:12126	None	None	None	None
GENERIC:12134	None	None	None	None
GENERIC:12135	None	None	None	None
GENERIC:12143	cpd12516	name	[protein]-L-isoaspartate alpha-methyl ester	na
GENERIC:12144	cpd12290	name	[protein]-L-isoaspartate	na
GENERIC:12147	None	None	None	None
GENERIC:12148	None	None	None	None
GENERIC:12157	None	None	None	None
GENERIC:12158	None	None	None	None
GENERIC:12159	None	None	None	None
GENERIC:12160	None	None	None	None
GENERIC:12164	None	None	None	None
GENERIC:12165	None	None	None	None
GENERIC:12190	None	None	None	None
GENERIC:12191	None	None	None	None
GENERIC:12192	None	None	None	None
GENERIC:12193	None	None	None	None
GENERIC:12202	None	None	None	None
GENERIC:12207	None	None	None	None
GENERIC:12212	None	None	None	None
GENERIC:12213	cpd28259	name	[CysO sulfur-carrier protein]-Gly-NH-CH2-C(O)SH	na
GENERIC:12251	None	None	None	None
GENERIC:12252	None	None	None	None
GENERIC:12265	None	None	None	None
GENERIC:12266	None	None	None	None
GENERIC:12274	cpd16536	name	[thyroglobulin]-L-tyrosine	na
GENERIC:12275	cpd16535	name	[thyroglobulin]-3-iodo-L-tyrosine	na
GENERIC:12276	cpd16534	name	[thyroglobulin]-3,5-diiodo-L-tyrosine	na
GENERIC:12277	cpd16532	name	[thyroglobulin]-L-thyroxine	na
GENERIC:12278	cpd16537	name	[thyroglobulin]-dehydroalanine	na
GENERIC:12279	None	None	None	None
GENERIC:12312	None	None	None	None
GENERIC:12313	None	None	None	None
GENERIC:12314	None	None	None	None
GENERIC:12315	None	None	None	None
GENERIC:12316	None	None	None	None
GENERIC:12332	None	None	None	None
GENERIC:12346	None	None	None	None
GENERIC:12347	None	None	None	None
GENERIC:12408	None	None	None	None
GENERIC:12409	None	None	None	None
GENERIC:12414	None	None	None	None
GENERIC:12415	None	None	None	None
GENERIC:12417	None	None	None	None
GENERIC:12418	None	None	None	None
GENERIC:12419	None	None	None	None
GENERIC:12428	None	None	None	None
GENERIC:12429	None	None	None	None
GENERIC:12430	None	None	None	None
GENERIC:12448	None	None	None	None
GENERIC:12463	None	None	None	None
GENERIC:12464	None	None	None	None
GENERIC:12465	None	None	None	None
GENERIC:12474	None	None	None	None
GENERIC:12475	None	None	None	None
GENERIC:12567	None	None	None	None
GENERIC:12570	None	None	None	None
GENERIC:12571	None	None	None	None
GENERIC:12573	None	None	None	None
GENERIC:12574	None	None	None	None
GENERIC:12575	None	None	None	None
GENERIC:12592	None	None	None	None
GENERIC:12603	None	None	None	None
GENERIC:12617	None	None	None	None
GENERIC:12618	None	None	None	None
GENERIC:12641	None	None	None	None
GENERIC:12642	None	None	None	None
GENERIC:12643	None	None	None	None
GENERIC:12661	None	None	None	None
GENERIC:12662	None	None	None	None
GENERIC:12664	cpd36182	name	N-terminal L-leucyl-L-glutamyl-[protein]	na
GENERIC:12666	None	None	None	None
GENERIC:12667	None	None	None	None
GENERIC:12668	None	None	None	None
GENERIC:12669	None	None	None	None
GENERIC:12670	None	None	None	None
GENERIC:12671	None	None	None	None
GENERIC:12672	None	None	None	None
GENERIC:12673	None	None	None	None
GENERIC:12674	cpd36750	name	N-terminal L-leucyl-L-aspartyl-[protein]	na
GENERIC:12681	None	None	None	None
GENERIC:12682	None	None	None	None
GENERIC:12684	None	None	None	None
GENERIC:12685	None	None	None	None
GENERIC:12686	None	None	None	None
GENERIC:12688	None	None	None	None
GENERIC:12689	None	None	None	None
GENERIC:12692	None	None	None	None
GENERIC:12693	None	None	None	None
GENERIC:12694	None	None	None	None
GENERIC:12695	None	None	None	None
GENERIC:12696	None	None	None	None
GENERIC:12697	None	None	None	None
GENERIC:12698	None	None	None	None
GENERIC:12699	None	None	None	None
GENERIC:12700	None	None	None	None
GENERIC:12701	None	None	None	None
GENERIC:12702	None	None	None	None
GENERIC:12703	None	None	None	None
GENERIC:12704	None	None	None	None
GENERIC:12705	None	None	None	None
GENERIC:12706	None	None	None	None
GENERIC:12707	None	None	None	None
GENERIC:12708	None	None	None	None
GENERIC:12709	None	None	None	None
GENERIC:12710	None	None	None	None
GENERIC:12711	None	None	None	None
GENERIC:12712	None	None	None	None
GENERIC:12713	None	None	None	None
GENERIC:12714	None	None	None	None
GENERIC:12715	None	None	None	None
GENERIC:12716	None	None	None	None
GENERIC:12717	None	None	None	None
GENERIC:12718	None	None	None	None
GENERIC:12724	None	None	None	None
GENERIC:12725	None	None	None	None
GENERIC:12726	None	None	None	None
GENERIC:12727	None	None	None	None
GENERIC:12728	None	None	None	None
GENERIC:12729	None	None	None	None
GENERIC:12730	None	None	None	None
GENERIC:12731	None	None	None	None
GENERIC:12732	None	None	None	None
GENERIC:12733	None	None	None	None
GENERIC:12734	None	None	None	None
GENERIC:12735	None	None	None	None
GENERIC:12740	None	None	None	None
GENERIC:12742	None	None	None	None
GENERIC:12743	None	None	None	None
GENERIC:12744	None	None	None	None
GENERIC:12745	None	None	None	None
GENERIC:12746	None	None	None	None
GENERIC:12748	None	None	None	None
GENERIC:12749	None	None	None	None
GENERIC:12751	None	None	None	None
GENERIC:12752	None	None	None	None
GENERIC:12753	None	None	None	None
GENERIC:12754	None	None	None	None
GENERIC:12762	None	None	None	None
GENERIC:12776	None	None	None	None
GENERIC:12777	None	None	None	None
GENERIC:12788	None	None	None	None
GENERIC:12804	None	None	None	None
GENERIC:12805	None	None	None	None
GENERIC:12806	None	None	None	None
GENERIC:12837	None	None	None	None
GENERIC:12839	None	None	None	None
GENERIC:12846	None	None	None	None
GENERIC:12847	None	None	None	None
GENERIC:12849	None	None	None	None
GENERIC:12850	None	None	None	None
GENERIC:12851	None	None	None	None
GENERIC:12852	None	None	None	None
GENERIC:12853	None	None	None	None
GENERIC:12854	None	None	None	None
GENERIC:12855	None	None	None	None
GENERIC:12856	None	None	None	None
GENERIC:12858	None	None	None	None
GENERIC:12859	None	None	None	None
GENERIC:12861	None	None	None	None
GENERIC:12862	None	None	None	None
GENERIC:12863	None	None	None	None
GENERIC:12864	None	None	None	None
GENERIC:12888	None	None	None	None
GENERIC:12889	None	None	None	None
GENERIC:12891	None	None	None	None
GENERIC:12892	None	None	None	None
GENERIC:12900	None	None	None	None
GENERIC:12901	None	None	None	None
GENERIC:12902	None	None	None	None
GENERIC:12903	None	None	None	None
GENERIC:12904	None	None	None	None
GENERIC:12905	None	None	None	None
GENERIC:12906	None	None	None	None
GENERIC:12907	None	None	None	None
GENERIC:12908	None	None	None	None
GENERIC:12909	None	None	None	None
GENERIC:12910	None	None	None	None
GENERIC:12911	None	None	None	None
GENERIC:12912	None	None	None	None
GENERIC:12913	None	None	None	None
GENERIC:12914	None	None	None	None
GENERIC:12925	None	None	None	None
GENERIC:12926	None	None	None	None
GENERIC:12953	None	None	None	None
GENERIC:12956	None	None	None	None
GENERIC:12957	None	None	None	None
GENERIC:13016	None	None	None	None
GENERIC:13053	None	None	None	None
GENERIC:13180	None	None	None	None
GENERIC:13181	None	None	None	None
GENERIC:13182	None	None	None	None
GENERIC:13183	None	None	None	None
GENERIC:13184	None	None	None	None
GENERIC:13185	None	None	None	None
GENERIC:13186	None	None	None	None
GENERIC:13187	None	None	None	None
GENERIC:13239	None	None	None	None
GENERIC:13306	None	None	None	None
GENERIC:13307	None	None	None	None
GENERIC:13308	None	None	None	None
GENERIC:13309	None	None	None	None
GENERIC:13311	None	None	None	None
GENERIC:13313	None	None	None	None
GENERIC:13315	None	None	None	None
GENERIC:13327	None	None	None	None
GENERIC:13328	None	None	None	None
GENERIC:13337	None	None	None	None
GENERIC:13338	None	None	None	None
GENERIC:13339	None	None	None	None
GENERIC:13340	None	None	None	None
GENERIC:13342	None	None	None	None
GENERIC:13343	None	None	None	None
GENERIC:13344	None	None	None	None
GENERIC:13381	None	None	None	None
GENERIC:13382	None	None	None	None
GENERIC:13383	None	None	None	None
GENERIC:13407	None	None	None	None
GENERIC:13408	None	None	None	None
GENERIC:13418	None	None	None	None
GENERIC:13419	None	None	None	None
GENERIC:13420	cpd36358	name	7-oxoheptanoyl-[ACP]	na
GENERIC:13422	None	None	None	None
GENERIC:13423	None	None	None	None
GENERIC:13424	None	None	None	None
GENERIC:13442	None	None	None	None
GENERIC:13443	None	None	None	None
GENERIC:13445	None	None	None	None
GENERIC:13451	None	None	None	None
GENERIC:13453	None	None	None	None
GENERIC:13485	None	None	None	None
GENERIC:13486	None	None	None	None
GENERIC:13526	None	None	None	None
GENERIC:13529	None	None	None	None
GENERIC:13530	None	None	None	None
GENERIC:13532	None	None	None	None
GENERIC:13533	None	None	None	None
GENERIC:13534	None	None	None	None
GENERIC:13535	None	None	None	None
GENERIC:13536	None	None	None	None
GENERIC:13537	None	None	None	None
GENERIC:13538	None	None	None	None
GENERIC:13539	None	None	None	None
GENERIC:13540	None	None	None	None
GENERIC:13541	None	None	None	None
GENERIC:13542	None	None	None	None
GENERIC:13543	None	None	None	None
GENERIC:13544	None	None	None	None
GENERIC:13546	None	None	None	None
GENERIC:13547	cpd31299	name	3-O-(alpha-D-mannosyl)-L-threonyl-[protein]	na
GENERIC:13555	None	None	None	None
GENERIC:13556	None	None	None	None
GENERIC:13573	None	None	None	None
GENERIC:13574	None	None	None	None
GENERIC:13575	None	None	None	None
GENERIC:13576	None	None	None	None
GENERIC:13618	cpd31300	name	3-O-(N-acetyl-beta-D-glucosaminyl-(1->4)-alpha-D-mannosyl)-L-threonyl-[protein]	na
GENERIC:13638	None	None	None	None
GENERIC:13639	None	None	None	None
GENERIC:13640	cpd26695	name	glycyl-tRNA(Ala)	na
GENERIC:13656	None	None	None	None
GENERIC:13657	None	None	None	None
GENERIC:13670	None	None	None	None
GENERIC:13671	None	None	None	None
GENERIC:13674	None	None	None	None
GENERIC:13681	None	None	None	None
GENERIC:13684	None	None	None	None
GENERIC:13685	None	None	None	None
GENERIC:13686	None	None	None	None
GENERIC:13687	None	None	None	None
GENERIC:13689	None	None	None	None
GENERIC:13690	None	None	None	None
GENERIC:13692	None	None	None	None
GENERIC:13693	None	None	None	None
GENERIC:13695	None	None	None	None
GENERIC:13696	None	None	None	None
GENERIC:13698	None	None	None	None
GENERIC:13699	None	None	None	None
GENERIC:13701	None	None	None	None
GENERIC:13702	None	None	None	None
GENERIC:13703	None	None	None	None
GENERIC:13704	None	None	None	None
GENERIC:13707	None	None	None	None
GENERIC:13708	None	None	None	None
GENERIC:13709	None	None	None	None
GENERIC:13710	None	None	None	None
GENERIC:13713	None	None	None	None
GENERIC:13714	None	None	None	None
GENERIC:13715	None	None	None	None
GENERIC:13716	None	None	None	None
GENERIC:13718	None	None	None	None
GENERIC:13719	None	None	None	None
GENERIC:13722	None	None	None	None
GENERIC:13723	None	None	None	None
GENERIC:13740	None	None	None	None
GENERIC:13741	None	None	None	None
GENERIC:13742	None	None	None	None
GENERIC:13743	None	None	None	None
GENERIC:13744	None	None	None	None
GENERIC:13745	None	None	None	None
GENERIC:13758	None	None	None	None
GENERIC:13760	None	None	None	None
GENERIC:13761	None	None	None	None
GENERIC:13766	cpd27355	name	[mycoredoxin]-L-cysteine	na
GENERIC:13767	None	None	None	None
GENERIC:13781	None	None	None	None
GENERIC:13785	None	None	None	None
GENERIC:13786	None	None	None	None
GENERIC:13787	None	None	None	None
GENERIC:13788	None	None	None	None
GENERIC:13789	None	None	None	None
GENERIC:13790	None	None	None	None
GENERIC:13792	None	None	None	None
GENERIC:13793	None	None	None	None
GENERIC:13802	None	None	None	None
GENERIC:13804	None	None	None	None
GENERIC:13805	None	None	None	None
GENERIC:13806	None	None	None	None
GENERIC:13807	None	None	None	None
GENERIC:13808	None	None	None	None
GENERIC:13809	None	None	None	None
GENERIC:13812	None	None	None	None
GENERIC:13814	None	None	None	None
GENERIC:13816	None	None	None	None
GENERIC:13817	None	None	None	None
GENERIC:13818	None	None	None	None
GENERIC:13820	None	None	None	None
GENERIC:13821	None	None	None	None
GENERIC:13826	None	None	None	None
GENERIC:13827	None	None	None	None
GENERIC:13832	None	None	None	None
GENERIC:13833	None	None	None	None
GENERIC:13834	None	None	None	None
GENERIC:13836	None	None	None	None
GENERIC:13837	None	None	None	None
GENERIC:13838	None	None	None	None
GENERIC:13839	None	None	None	None
GENERIC:13840	None	None	None	None
GENERIC:13841	None	None	None	None
GENERIC:13842	None	None	None	None
GENERIC:13843	None	None	None	None
GENERIC:13844	None	None	None	None
GENERIC:13846	None	None	None	None
GENERIC:13847	None	None	None	None
GENERIC:13848	None	None	None	None
GENERIC:13851	None	None	None	None
GENERIC:13852	None	None	None	None
GENERIC:13863	None	None	None	None
GENERIC:13864	None	None	None	None
GENERIC:13877	None	None	None	None
GENERIC:13883	None	None	None	None
GENERIC:13885	None	None	None	None
GENERIC:13886	None	None	None	None
GENERIC:13887	None	None	None	None
GENERIC:13888	None	None	None	None
GENERIC:13889	None	None	None	None
GENERIC:13922	None	None	None	None
GENERIC:13923	None	None	None	None
GENERIC:13929	None	None	None	None
GENERIC:13931	None	None	None	None
GENERIC:13932	None	None	None	None
GENERIC:13933	None	None	None	None
GENERIC:13934	None	None	None	None
GENERIC:13935	None	None	None	None
GENERIC:13936	None	None	None	None
GENERIC:13937	None	None	None	None
GENERIC:13938	None	None	None	None
GENERIC:13939	None	None	None	None
GENERIC:13940	None	None	None	None
GENERIC:13942	None	None	None	None
GENERIC:13946	None	None	None	None
GENERIC:13969	None	None	None	None
GENERIC:13970	None	None	None	None
GENERIC:13971	None	None	None	None
GENERIC:13972	None	None	None	None
GENERIC:13973	None	None	None	None
GENERIC:13974	None	None	None	None
GENERIC:13982	None	None	None	None
GENERIC:13983	None	None	None	None
GENERIC:13984	None	None	None	None
GENERIC:13985	None	None	None	None
GENERIC:13994	None	None	None	None
GENERIC:13995	None	None	None	None
GENERIC:14005	None	None	None	None
GENERIC:14010	None	None	None	None
GENERIC:14011	None	None	None	None
GENERIC:14031	None	None	None	None
GENERIC:14032	None	None	None	None
GENERIC:14033	None	None	None	None
GENERIC:14036	None	None	None	None
GENERIC:14038	None	None	None	None
GENERIC:14039	None	None	None	None
GENERIC:14040	None	None	None	None
GENERIC:14042	None	None	None	None
GENERIC:14043	None	None	None	None
GENERIC:14044	None	None	None	None
GENERIC:14051	None	None	None	None
GENERIC:14058	None	None	None	None
GENERIC:14059	None	None	None	None
GENERIC:14074	None	None	None	None
GENERIC:14085	None	None	None	None
GENERIC:14091	None	None	None	None
GENERIC:14092	None	None	None	None
GENERIC:14093	None	None	None	None
GENERIC:14094	None	None	None	None
GENERIC:14095	None	None	None	None
GENERIC:14096	None	None	None	None
GENERIC:14097	None	None	None	None
GENERIC:14098	cpd11524	name	5-methylhexanoyl-[ACP]	na
GENERIC:14102	None	None	None	None
GENERIC:14103	None	None	None	None
GENERIC:14109	None	None	None	None
GENERIC:14110	None	None	None	None
GENERIC:14113	None	None	None	None
GENERIC:14125	cpd27419	name	a fatty acyl-[ACP]	na
GENERIC:14140	None	None	None	None
GENERIC:14141	None	None	None	None
GENERIC:14157	None	None	None	None
GENERIC:14158	None	None	None	None
GENERIC:14170	None	None	None	None
GENERIC:14175	None	None	None	None
GENERIC:14193	None	None	None	None
GENERIC:14212	None	None	None	None
GENERIC:14213	None	None	None	None
GENERIC:14214	None	None	None	None
GENERIC:14215	None	None	None	None
GENERIC:14231	None	None	None	None
GENERIC:14236	None	None	None	None
GENERIC:14237	None	None	None	None
GENERIC:14247	None	None	None	None
GENERIC:14248	None	None	None	None
GENERIC:14264	None	None	None	None
GENERIC:14265	None	None	None	None
GENERIC:14271	None	None	None	None
GENERIC:14272	None	None	None	None
GENERIC:14273	None	None	None	None
GENERIC:14327	None	None	None	None
GENERIC:14328	None	None	None	None
GENERIC:14355	None	None	None	None
GENERIC:14356	None	None	None	None
GENERIC:14357	None	None	None	None
GENERIC:14358	None	None	None	None
GENERIC:14360	None	None	None	None
GENERIC:14362	None	None	None	None
GENERIC:14363	None	None	None	None
GENERIC:14364	None	None	None	None
GENERIC:14366	None	None	None	None
GENERIC:14367	None	None	None	None
GENERIC:14368	None	None	None	None
GENERIC:14369	None	None	None	None
GENERIC:14371	None	None	None	None
GENERIC:14374	None	None	None	None
GENERIC:14376	None	None	None	None
GENERIC:14377	None	None	None	None
GENERIC:14379	None	None	None	None
GENERIC:14381	None	None	None	None
GENERIC:14382	None	None	None	None
GENERIC:14383	None	None	None	None
GENERIC:14384	None	None	None	None
GENERIC:14387	cpd23041	name	(5R)-5,6-dihydro-5-(thymidin-7-yl)thymidine in DNA	na
GENERIC:14392	None	None	None	None
GENERIC:14399	None	None	None	None
GENERIC:14412	None	None	None	None
GENERIC:14413	None	None	None	None
GENERIC:14416	None	None	None	None
GENERIC:14417	None	None	None	None
GENERIC:14419	None	None	None	None
GENERIC:14420	None	None	None	None
GENERIC:14421	None	None	None	None
GENERIC:14422	None	None	None	None
GENERIC:14426	None	None	None	None
GENERIC:14428	None	None	None	None
GENERIC:14430	None	None	None	None
GENERIC:14431	None	None	None	None
GENERIC:14432	None	None	None	None
GENERIC:14438	None	None	None	None
GENERIC:14439	None	None	None	None
GENERIC:14440	None	None	None	None
GENERIC:14441	None	None	None	None
GENERIC:14443	None	None	None	None
GENERIC:14444	None	None	None	None
GENERIC:14445	None	None	None	None
GENERIC:14449	None	None	None	None
GENERIC:14462	None	None	None	None
GENERIC:14463	None	None	None	None
GENERIC:14480	None	None	None	None
GENERIC:14497	None	None	None	None
GENERIC:14498	None	None	None	None
GENERIC:14507	None	None	None	None
GENERIC:14508	None	None	None	None
GENERIC:14509	None	None	None	None
GENERIC:14529	None	None	None	None
GENERIC:14548	None	None	None	None
GENERIC:14549	None	None	None	None
GENERIC:14550	None	None	None	None
GENERIC:14558	None	None	None	None
GENERIC:14559	None	None	None	None
GENERIC:14568	None	None	None	None
GENERIC:14569	None	None	None	None
GENERIC:14576	None	None	None	None
GENERIC:14585	None	None	None	None
GENERIC:14594	None	None	None	None
GENERIC:14595	None	None	None	None
GENERIC:14596	None	None	None	None
GENERIC:14597	None	None	None	None
GENERIC:14604	None	None	None	None
GENERIC:14605	None	None	None	None
GENERIC:14610	None	None	None	None
GENERIC:14611	None	None	None	None
GENERIC:14619	None	None	None	None
GENERIC:14624	None	None	None	None
GENERIC:14627	None	None	None	None
GENERIC:14628	None	None	None	None
GENERIC:14654	None	None	None	None
GENERIC:14658	None	None	None	None
GENERIC:14659	None	None	None	None
GENERIC:14679	None	None	None	None
GENERIC:14680	None	None	None	None
GENERIC:14681	None	None	None	None
GENERIC:14684	None	None	None	None
GENERIC:14689	None	None	None	None
GENERIC:14690	None	None	None	None
GENERIC:14691	None	None	None	None
GENERIC:14703	cpd37180	name	[protein]-C-terminal-L-glutamine	na
GENERIC:14704	None	None	None	None
GENERIC:14712	None	None	None	None
GENERIC:14714	None	None	None	None
GENERIC:14715	None	None	None	None
GENERIC:14717	None	None	None	None
GENERIC:14718	None	None	None	None
GENERIC:14730	None	None	None	None
GENERIC:14731	None	None	None	None
GENERIC:14737	None	None	None	None
GENERIC:14739	None	None	None	None
GENERIC:14742	None	None	None	None
GENERIC:14743	None	None	None	None
GENERIC:14744	None	None	None	None
GENERIC:14745	None	None	None	None
GENERIC:14746	None	None	None	None
GENERIC:14764	cpd11726	name	a medium-chain 3-oxoacyl-[ACP]	na
GENERIC:14778	None	None	None	None
GENERIC:14779	None	None	None	None
GENERIC:14786	None	None	None	None
GENERIC:14787	None	None	None	None
GENERIC:14788	None	None	None	None
GENERIC:14789	None	None	None	None
GENERIC:14800	None	None	None	None
GENERIC:14801	None	None	None	None
GENERIC:14802	None	None	None	None
GENERIC:14803	None	None	None	None
GENERIC:14804	None	None	None	None
GENERIC:14805	None	None	None	None
GENERIC:14806	cpd36286	name	[aequorin]--dioxetanone	na
GENERIC:14821	None	None	None	None
GENERIC:14839	None	None	None	None
GENERIC:14840	None	None	None	None
GENERIC:14842	None	None	None	None
GENERIC:14843	None	None	None	None
GENERIC:14844	None	None	None	None
GENERIC:14845	None	None	None	None
GENERIC:14846	None	None	None	None
GENERIC:14855	None	None	None	None
GENERIC:14856	None	None	None	None
GENERIC:14857	None	None	None	None
GENERIC:14858	None	None	None	None
GENERIC:14859	None	None	None	None
GENERIC:14863	None	None	None	None
GENERIC:14864	None	None	None	None
GENERIC:14865	None	None	None	None
GENERIC:14866	None	None	None	None
GENERIC:14867	None	None	None	None
GENERIC:14868	None	None	None	None
GENERIC:14893	None	None	None	None
GENERIC:14894	None	None	None	None
GENERIC:14895	None	None	None	None
GENERIC:14917	None	None	None	None
GENERIC:14919	None	None	None	None
GENERIC:14920	None	None	None	None
GENERIC:14921	None	None	None	None
GENERIC:14922	None	None	None	None
GENERIC:14940	None	None	None	None
GENERIC:14941	None	None	None	None
GENERIC:14951	None	None	None	None
GENERIC:14966	None	None	None	None
GENERIC:14981	None	None	None	None
GENERIC:14982	cpd36273	name	a trans-Delta(2)-meromycolyl-[ACP]	na
GENERIC:14983	None	None	None	None
GENERIC:14984	None	None	None	None
GENERIC:14985	None	None	None	None
GENERIC:14986	None	None	None	None
GENERIC:14987	None	None	None	None
GENERIC:14988	None	None	None	None
GENERIC:14989	None	None	None	None
GENERIC:14990	None	None	None	None
GENERIC:15020	None	None	None	None
GENERIC:15021	None	None	None	None
GENERIC:15022	None	None	None	None
GENERIC:15023	None	None	None	None
GENERIC:15030	None	None	None	None
GENERIC:15031	None	None	None	None
GENERIC:15032	None	None	None	None
GENERIC:15033	None	None	None	None
GENERIC:15073	None	None	None	None
GENERIC:15084	None	None	None	None
GENERIC:15087	None	None	None	None
GENERIC:15088	None	None	None	None
GENERIC:15089	None	None	None	None
GENERIC:15090	None	None	None	None
GENERIC:15091	None	None	None	None
GENERIC:15092	None	None	None	None
GENERIC:15093	None	None	None	None
GENERIC:15095	None	None	None	None
GENERIC:15133	None	None	None	None
GENERIC:15140	None	None	None	None
GENERIC:15141	None	None	None	None
GENERIC:15142	None	None	None	None
GENERIC:15143	None	None	None	None
GENERIC:15144	None	None	None	None
GENERIC:15145	None	None	None	None
GENERIC:15146	None	None	None	None
GENERIC:15179	None	None	None	None
GENERIC:15181	None	None	None	None
GENERIC:15182	None	None	None	None
GENERIC:15198	None	None	None	None
GENERIC:15199	None	None	None	None
GENERIC:15220	None	None	None	None
GENERIC:15221	None	None	None	None
GENERIC:15237	None	None	None	None
GENERIC:15238	None	None	None	None
GENERIC:15244	None	None	None	None
GENERIC:15245	None	None	None	None
GENERIC:15246	None	None	None	None
GENERIC:15261	None	None	None	None
GENERIC:15262	None	None	None	None
GENERIC:15305	None	None	None	None
GENERIC:15306	None	None	None	None
GENERIC:15309	None	None	None	None
GENERIC:15321	None	None	None	None
GENERIC:15352	None	None	None	None
GENERIC:15365	None	None	None	None
GENERIC:15366	None	None	None	None
GENERIC:15369	None	None	None	None
GENERIC:15370	None	None	None	None
GENERIC:15372	None	None	None	None
GENERIC:15374	None	None	None	None
GENERIC:15376	None	None	None	None
GENERIC:15388	None	None	None	None
GENERIC:15389	None	None	None	None
GENERIC:15433	None	None	None	None
GENERIC:15434	None	None	None	None
GENERIC:15435	None	None	None	None
GENERIC:15436	None	None	None	None
GENERIC:15437	None	None	None	None
GENERIC:15448	None	None	None	None
GENERIC:15451	None	None	None	None
GENERIC:15452	None	None	None	None
GENERIC:15462	None	None	None	None
GENERIC:15463	None	None	None	None
GENERIC:15466	None	None	None	None
GENERIC:15471	None	None	None	None
GENERIC:15484	None	None	None	None
GENERIC:15485	None	None	None	None
GENERIC:15486	None	None	None	None
GENERIC:15488	None	None	None	None
GENERIC:15515	None	None	None	None
GENERIC:15516	None	None	None	None
GENERIC:15517	None	None	None	None
GENERIC:15521	None	None	None	None
GENERIC:15523	None	None	None	None
GENERIC:15535	None	None	None	None
GENERIC:15536	None	None	None	None
GENERIC:15537	None	None	None	None
GENERIC:15538	None	None	None	None
GENERIC:15539	None	None	None	None
GENERIC:15540	None	None	None	None
GENERIC:15541	None	None	None	None
GENERIC:15542	None	None	None	None
GENERIC:15543	None	None	None	None
GENERIC:15544	None	None	None	None
GENERIC:15546	None	None	None	None
GENERIC:15547	None	None	None	None
GENERIC:15548	None	None	None	None
GENERIC:15549	None	None	None	None
GENERIC:15550	None	None	None	None
GENERIC:15551	None	None	None	None
GENERIC:15552	None	None	None	None
GENERIC:15554	None	None	None	None
GENERIC:15555	None	None	None	None
GENERIC:15556	None	None	None	None
GENERIC:15584	None	None	None	None
GENERIC:15585	None	None	None	None
GENERIC:15587	None	None	None	None
GENERIC:15588	None	None	None	None
GENERIC:15589	None	None	None	None
GENERIC:15591	None	None	None	None
GENERIC:15592	None	None	None	None
GENERIC:15607	None	None	None	None
GENERIC:15608	None	None	None	None
GENERIC:15676	None	None	None	None
GENERIC:15677	None	None	None	None
GENERIC:15678	None	None	None	None
GENERIC:15679	None	None	None	None
GENERIC:15680	None	None	None	None
GENERIC:15681	None	None	None	None
GENERIC:15682	None	None	None	None
GENERIC:15683	None	None	None	None
GENERIC:15684	None	None	None	None
GENERIC:15685	None	None	None	None
GENERIC:15686	None	None	None	None
GENERIC:15687	None	None	None	None
GENERIC:15692	None	None	None	None
GENERIC:15693	None	None	None	None
GENERIC:15694	None	None	None	None
GENERIC:15697	None	None	None	None
GENERIC:15698	None	None	None	None
GENERIC:15699	None	None	None	None
GENERIC:15700	None	None	None	None
GENERIC:15704	None	None	None	None
GENERIC:15705	None	None	None	None
GENERIC:15709	None	None	None	None
GENERIC:15710	None	None	None	None
GENERIC:15712	None	None	None	None
GENERIC:15713	None	None	None	None
GENERIC:15719	None	None	None	None
GENERIC:15737	None	None	None	None
GENERIC:15770	None	None	None	None
GENERIC:15771	None	None	None	None
GENERIC:15779	None	None	None	None
GENERIC:15780	None	None	None	None
GENERIC:15791	None	None	None	None
GENERIC:15792	None	None	None	None
GENERIC:15794	None	None	None	None
GENERIC:15796	None	None	None	None
GENERIC:15797	None	None	None	None
GENERIC:15798	None	None	None	None
GENERIC:15799	None	None	None	None
GENERIC:15825	None	None	None	None
GENERIC:15826	None	None	None	None
GENERIC:15827	None	None	None	None
GENERIC:15831	None	None	None	None
GENERIC:15832	None	None	None	None
GENERIC:15836	None	None	None	None
GENERIC:15837	None	None	None	None
GENERIC:15838	None	None	None	None
GENERIC:15839	None	None	None	None
GENERIC:15846	None	None	None	None
GENERIC:15875	None	None	None	None
GENERIC:15876	None	None	None	None
GENERIC:15877	None	None	None	None
GENERIC:15878	None	None	None	None
GENERIC:15882	None	None	None	None
GENERIC:15884	None	None	None	None
GENERIC:15885	None	None	None	None
GENERIC:15886	None	None	None	None
GENERIC:15887	None	None	None	None
GENERIC:15888	None	None	None	None
GENERIC:15889	None	None	None	None
GENERIC:15903	None	None	None	None
GENERIC:15906	None	None	None	None
GENERIC:15908	None	None	None	None
GENERIC:15909	None	None	None	None
GENERIC:15910	None	None	None	None
GENERIC:15913	None	None	None	None
GENERIC:15914	None	None	None	None
GENERIC:15915	None	None	None	None
GENERIC:15921	None	None	None	None
GENERIC:15937	None	None	None	None
GENERIC:15938	None	None	None	None
GENERIC:15940	None	None	None	None
GENERIC:15941	None	None	None	None
GENERIC:15942	None	None	None	None
GENERIC:15993	None	None	None	None
GENERIC:15994	None	None	None	None
GENERIC:15996	None	None	None	None
GENERIC:15997	None	None	None	None
GENERIC:15998	None	None	None	None
GENERIC:16001	None	None	None	None
GENERIC:16008	None	None	None	None
GENERIC:16009	None	None	None	None
GENERIC:16010	None	None	None	None
GENERIC:16011	None	None	None	None
GENERIC:16047	None	None	None	None
GENERIC:16048	None	None	None	None
GENERIC:16049	None	None	None	None
GENERIC:16050	None	None	None	None
GENERIC:16051	None	None	None	None
GENERIC:16052	None	None	None	None
GENERIC:16053	None	None	None	None
GENERIC:16092	None	None	None	None
GENERIC:16100	None	None	None	None
GENERIC:16108	None	None	None	None
GENERIC:16109	None	None	None	None
GENERIC:16110	None	None	None	None
GENERIC:16137	None	None	None	None
GENERIC:16138	None	None	None	None
GENERIC:16142	None	None	None	None
GENERIC:16143	None	None	None	None
GENERIC:16144	None	None	None	None
GENERIC:16145	None	None	None	None
GENERIC:16150	None	None	None	None
GENERIC:16151	None	None	None	None
GENERIC:16230	None	None	None	None
GENERIC:16262	None	None	None	None
GENERIC:16263	None	None	None	None
GENERIC:16288	None	None	None	None
GENERIC:16308	None	None	None	None
GENERIC:16309	None	None	None	None
GENERIC:16310	None	None	None	None
GENERIC:16318	None	None	None	None
GENERIC:16319	None	None	None	None
GENERIC:16320	None	None	None	None
GENERIC:16321	None	None	None	None
GENERIC:16322	None	None	None	None
GENERIC:16323	None	None	None	None
GENERIC:16324	None	None	None	None
GENERIC:16325	None	None	None	None
GENERIC:16326	None	None	None	None
GENERIC:16330	None	None	None	None
GENERIC:16354	None	None	None	None
GENERIC:16355	None	None	None	None
GENERIC:16405	None	None	None	None
GENERIC:16434	None	None	None	None
GENERIC:16435	None	None	None	None
GENERIC:16436	None	None	None	None
GENERIC:16437	None	None	None	None
GENERIC:16509	None	None	None	None
GENERIC:16516	None	None	None	None
GENERIC:16517	None	None	None	None
GENERIC:16518	None	None	None	None
GENERIC:16520	None	None	None	None
GENERIC:16535	None	None	None	None
GENERIC:16536	None	None	None	None
GENERIC:16552	None	None	None	None
GENERIC:16601	None	None	None	None
GENERIC:16607	None	None	None	None
GENERIC:16614	None	None	None	None
GENERIC:16617	None	None	None	None
GENERIC:16623	None	None	None	None
GENERIC:16635	None	None	None	None
GENERIC:16636	None	None	None	None
GENERIC:16647	None	None	None	None
GENERIC:16648	None	None	None	None
GENERIC:16656	None	None	None	None
GENERIC:16657	None	None	None	None
GENERIC:16760	None	None	None	None
GENERIC:16761	None	None	None	None
GENERIC:16762	None	None	None	None
GENERIC:16763	None	None	None	None
GENERIC:16765	None	None	None	None
GENERIC:16767	None	None	None	None
GENERIC:16774	None	None	None	None
GENERIC:16775	None	None	None	None
GENERIC:16780	None	None	None	None
GENERIC:16783	None	None	None	None
GENERIC:16785	None	None	None	None
GENERIC:16786	None	None	None	None
GENERIC:16797	None	None	None	None
GENERIC:16798	None	None	None	None
GENERIC:16799	None	None	None	None
GENERIC:16801	None	None	None	None
GENERIC:16815	None	None	None	None
GENERIC:16816	None	None	None	None
GENERIC:16818	None	None	None	None
GENERIC:16819	None	None	None	None
GENERIC:16892	None	None	None	None
GENERIC:16893	None	None	None	None
GENERIC:16894	None	None	None	None
GENERIC:16895	None	None	None	None
GENERIC:16896	None	None	None	None
GENERIC:16897	None	None	None	None
GENERIC:16898	None	None	None	None
GENERIC:16916	None	None	None	None
GENERIC:16917	None	None	None	None
GENERIC:16918	None	None	None	None
GENERIC:16919	None	None	None	None
GENERIC:16920	None	None	None	None
GENERIC:16940	None	None	None	None
GENERIC:16947	None	None	None	None
GENERIC:16948	None	None	None	None
GENERIC:16949	None	None	None	None
GENERIC:16950	None	None	None	None
GENERIC:16951	None	None	None	None
GENERIC:16952	None	None	None	None
GENERIC:16953	None	None	None	None
GENERIC:16963	None	None	None	None
GENERIC:16964	None	None	None	None
GENERIC:17046	None	None	None	None
GENERIC:17047	None	None	None	None
GENERIC:17048	None	None	None	None
GENERIC:17052	None	None	None	None
GENERIC:17053	None	None	None	None
GENERIC:17054	None	None	None	None
GENERIC:17056	None	None	None	None
GENERIC:17065	None	None	None	None
GENERIC:17066	None	None	None	None
GENERIC:17067	None	None	None	None
GENERIC:17070	None	None	None	None
GENERIC:17071	None	None	None	None
GENERIC:17075	None	None	None	None
GENERIC:17076	None	None	None	None
GENERIC:17077	None	None	None	None
GENERIC:17078	None	None	None	None
GENERIC:17079	None	None	None	None
GENERIC:17089	None	None	None	None
GENERIC:17090	None	None	None	None
GENERIC:17091	None	None	None	None
GENERIC:17096	None	None	None	None
GENERIC:17148	None	None	None	None
GENERIC:17164	None	None	None	None
GENERIC:17165	None	None	None	None
GENERIC:17166	None	None	None	None
GENERIC:17167	None	None	None	None
GENERIC:17168	None	None	None	None
GENERIC:17169	None	None	None	None
GENERIC:17170	None	None	None	None
GENERIC:17171	None	None	None	None
GENERIC:17184	None	None	None	None
GENERIC:17189	None	None	None	None
GENERIC:17190	None	None	None	None
GENERIC:17191	None	None	None	None
GENERIC:17192	None	None	None	None
GENERIC:17193	None	None	None	None
GENERIC:17198	None	None	None	None
GENERIC:17199	None	None	None	None
GENERIC:17207	None	None	None	None
GENERIC:17275	None	None	None	None
GENERIC:17276	None	None	None	None
GENERIC:17313	None	None	None	None
GENERIC:17315	None	None	None	None
GENERIC:17323	None	None	None	None
GENERIC:17324	None	None	None	None
GENERIC:17326	None	None	None	None
GENERIC:17327	None	None	None	None
GENERIC:17328	None	None	None	None
GENERIC:17334	None	None	None	None
GENERIC:17335	None	None	None	None
GENERIC:17349	None	None	None	None
GENERIC:17353	None	None	None	None
GENERIC:17354	None	None	None	None
GENERIC:17355	None	None	None	None
GENERIC:17356	None	None	None	None
GENERIC:17357	None	None	None	None
GENERIC:17358	None	None	None	None
GENERIC:17365	None	None	None	None
GENERIC:17366	None	None	None	None
GENERIC:17367	None	None	None	None
GENERIC:17368	None	None	None	None
GENERIC:17369	None	None	None	None
GENERIC:17370	None	None	None	None
GENERIC:17384	None	None	None	None
GENERIC:17385	None	None	None	None
GENERIC:17386	None	None	None	None
GENERIC:17387	None	None	None	None
GENERIC:17391	None	None	None	None
GENERIC:17397	None	None	None	None
GENERIC:17398	None	None	None	None
GENERIC:17418	None	None	None	None
GENERIC:17419	None	None	None	None
GENERIC:17425	None	None	None	None
GENERIC:17426	None	None	None	None
GENERIC:17427	None	None	None	None
GENERIC:17428	None	None	None	None
GENERIC:17460	None	None	None	None
GENERIC:17461	None	None	None	None
GENERIC:17462	None	None	None	None
GENERIC:17463	None	None	None	None
GENERIC:17464	None	None	None	None
GENERIC:17465	None	None	None	None
GENERIC:17466	None	None	None	None
GENERIC:17467	None	None	None	None
GENERIC:17480	None	None	None	None
GENERIC:17482	None	None	None	None
GENERIC:17483	None	None	None	None
GENERIC:17488	None	None	None	None
GENERIC:17529	None	None	None	None
GENERIC:17530	None	None	None	None
GENERIC:17531	None	None	None	None
GENERIC:17532	None	None	None	None
GENERIC:17557	None	None	None	None
GENERIC:17559	None	None	None	None
GENERIC:17570	None	None	None	None
GENERIC:17571	None	None	None	None
GENERIC:17668	None	None	None	None
GENERIC:17686	None	None	None	None
GENERIC:17694	None	None	None	None
GENERIC:17695	None	None	None	None
GENERIC:17719	None	None	None	None
GENERIC:17726	None	None	None	None
GENERIC:17729	None	None	None	None
GENERIC:17730	None	None	None	None
GENERIC:17732	None	None	None	None
GENERIC:17733	None	None	None	None
GENERIC:17734	None	None	None	None
GENERIC:17735	None	None	None	None
GENERIC:17736	None	None	None	None
GENERIC:17737	None	None	None	None
GENERIC:17738	None	None	None	None
GENERIC:17739	None	None	None	None
GENERIC:17740	None	None	None	None
GENERIC:17741	None	None	None	None
GENERIC:17742	None	None	None	None
GENERIC:17773	None	None	None	None
GENERIC:17774	cpd37170	name	D-aspartyl-tRNA(Asp)	na
GENERIC:17775	cpd36993	name	D-tryptophanyl-tRNA(Trp)	na
GENERIC:17788	None	None	None	None
GENERIC:17789	None	None	None	None
GENERIC:17791	None	None	None	None
GENERIC:17792	None	None	None	None
GENERIC:17793	None	None	None	None
GENERIC:17794	None	None	None	None
GENERIC:17808	None	None	None	None
GENERIC:17894	None	None	None	None
GENERIC:17895	None	None	None	None
GENERIC:17896	None	None	None	None
GENERIC:17897	None	None	None	None
GENERIC:17899	None	None	None	None
GENERIC:17903	None	None	None	None
GENERIC:17904	None	None	None	None
GENERIC:17905	None	None	None	None
GENERIC:17906	None	None	None	None
GENERIC:17910	None	None	None	None
GENERIC:17911	None	None	None	None
GENERIC:17912	None	None	None	None
GENERIC:17913	None	None	None	None
GENERIC:17914	None	None	None	None
GENERIC:17915	None	None	None	None
GENERIC:17919	None	None	None	None
GENERIC:17920	None	None	None	None
GENERIC:17921	None	None	None	None
GENERIC:17922	None	None	None	None
GENERIC:17923	None	None	None	None
GENERIC:17924	None	None	None	None
GENERIC:17925	None	None	None	None
GENERIC:17926	None	None	None	None
GENERIC:17927	None	None	None	None
GENERIC:17932	None	None	None	None
GENERIC:17933	None	None	None	None
GENERIC:17935	None	None	None	None
GENERIC:17936	None	None	None	None
GENERIC:17944	None	None	None	None
GENERIC:17945	None	None	None	None
GENERIC:17946	None	None	None	None
GENERIC:17947	None	None	None	None
GENERIC:17948	None	None	None	None
GENERIC:17953	None	None	None	None
GENERIC:17954	None	None	None	None
GENERIC:17955	None	None	None	None
GENERIC:17958	None	None	None	None
GENERIC:17959	None	None	None	None
GENERIC:9580	None	None	None	None
GENERIC:9582	None	None	None	None
GENERIC:9613	cpd11916	name	tRNA(Leu)	na
GENERIC:9621	cpd11494	name	acetyl-[ACP]	na
GENERIC:9622	cpd12003	name	L-leucyl-tRNA(Leu)	na
GENERIC:9623	cpd11492	name	malonyl-[ACP]	na
GENERIC:9625	None	None	None	None
GENERIC:9626	None	None	None	None
GENERIC:9627	None	None	None	None
GENERIC:9628	cpd11464	name	butanoyl-[ACP]	na
GENERIC:9629	cpd11486	name	3-oxohexanoyl-[ACP]	na
GENERIC:9630	None	None	None	None
GENERIC:9631	cpd11473	name	(2E)-hexenoyl-[ACP]	na
GENERIC:9632	cpd11472	name	hexanoyl-[ACP]	na
GENERIC:9633	cpd11490	name	3-oxooctanoyl-[ACP]	na
GENERIC:9634	None	None	None	None
GENERIC:9635	cpd11471	name	(2E)-octenoyl-[ACP]	na
GENERIC:9636	cpd11470	name	octanoyl-[ACP]	na
GENERIC:9637	cpd11487	name	3-oxodecanoyl-[ACP]	na
GENERIC:9638	None	None	None	None
GENERIC:9639	cpd11475	name	(2E)-decenoyl-[ACP]	na
GENERIC:9640	cpd11474	name	decanoyl-[ACP]	na
GENERIC:9641	cpd11489	name	3-oxododecanoyl-[ACP]	na
GENERIC:9642	None	None	None	None
GENERIC:9643	cpd11469	name	(2E)-dodecenoyl-[ACP]	na
GENERIC:9644	cpd11468	name	dodecanoyl-[ACP]	na
GENERIC:9645	cpd11491	name	3-oxotetradecanoyl-[ACP]	na
GENERIC:9646	None	None	None	None
GENERIC:9647	cpd11467	name	(2E)-tetradecenoyl-[ACP]	na
GENERIC:9648	cpd11466	name	tetradecanoyl-[ACP]	na
GENERIC:9649	cpd11485	name	3-oxohexadecanoyl-[ACP]	na
GENERIC:9650	None	None	None	None
GENERIC:9651	cpd11477	name	(2E)-hexadecenoyl-[ACP]	na
GENERIC:9652	cpd11476	name	hexadecanoyl-[ACP]	na
GENERIC:9653	cpd14938	name	3-oxooctadecanoyl-[ACP]	na
GENERIC:9654	None	None	None	None
GENERIC:9655	cpd14940	name	(2E)-octadecenoyl-[ACP]	na
GENERIC:9656	cpd12458	name	octadecanoyl-[ACP]	na
GENERIC:9657	cpd11906	name	tRNA(Ala)	na
GENERIC:9658	cpd11907	name	tRNA(Arg)	na
GENERIC:9659	cpd11908	name	tRNA(Asn)	na
GENERIC:9660	cpd11909	name	tRNA(Asp)	na
GENERIC:9661	cpd11910	name	tRNA(Cys)	na
GENERIC:9662	cpd11911	name	tRNA(Gln)	na
GENERIC:9663	cpd11912	name	tRNA(Glu)	na
GENERIC:9664	cpd11913	name	tRNA(Gly)	na
GENERIC:9665	cpd11914	name	tRNA(His)	na
GENERIC:9666	cpd11915	name	tRNA(Ile)	na
GENERIC:9667	cpd11918	name	tRNA(Met)	na
GENERIC:9668	cpd11919	name	tRNA(Phe)	na
GENERIC:9669	cpd11921	name	tRNA(Ser)	na
GENERIC:9670	cpd11922	name	tRNA(Thr)	na
GENERIC:9671	cpd11923	name	tRNA(Trp)	na
GENERIC:9672	cpd11924	name	tRNA(Val)	na
GENERIC:9673	cpd12036	name	L-arginyl-tRNA(Arg)	na
GENERIC:9674	cpd12313	name	L-asparaginyl-tRNA(Asn)	na
GENERIC:9677	cpd12829	name	L-aspartyl-tRNA(Asn)	na
GENERIC:9678	cpd12226	name	L-aspartyl-tRNA(Asp)	na
GENERIC:9679	cpd12255	name	L-cysteinyl-tRNA(Cys)	na
GENERIC:9680	cpd12227	name	L-glutamyl-tRNA(Glu)	na
GENERIC:9681	cpd12060	name	L-glutaminyl-tRNA(Gln)	na
GENERIC:9683	cpd12100	name	glycyl-tRNA(Gly)	na
GENERIC:9684	cpd12828	name	L-glutamyl-tRNA(Gln)	na
GENERIC:9685	cpd11493	name	holo-[ACP]	na
GENERIC:9689	cpd12228	name	L-histidyl-tRNA(His)	na
GENERIC:9690	cpd12370	name	apo-[ACP]	na
GENERIC:9693	None	None	None	None
GENERIC:9694	None	None	None	None
GENERIC:9695	cpd12256	name	L-isoleucyl-tRNA(Ile)	na
GENERIC:9696	cpd01326	name	L-lysyl-tRNA(Lys)	na
GENERIC:9697	cpd11917	name	tRNA(Lys)	na
GENERIC:9698	cpd12105	name	L-methionyl-tRNA(Met)	na
GENERIC:9699	cpd12335	name	L-phenylalanyl-tRNA(Phe)	na
GENERIC:9700	cpd12164	name	L-prolyl-tRNA(Pro)	na
GENERIC:9701	None	None	None	None
GENERIC:9702	cpd11920	name	tRNA(Pro)	na
GENERIC:9703	cpd12132	name	L-seryl-tRNA(Ser)	na
GENERIC:9704	cpd12229	name	L-threonyl-tRNA(Thr)	na
GENERIC:9705	cpd12336	name	L-tryptophanyl-tRNA(Trp)	na
GENERIC:9706	cpd12194	name	L-tyrosyl-tRNA(Tyr)	na
GENERIC:9707	cpd11751	name	tRNA(Tyr)	na
GENERIC:9708	cpd12133	name	L-valyl-tRNA(Val)	na
GENERIC:9710	None	None	None	None
GENERIC:9711	None	None	None	None
GENERIC:9712	None	None	None	None
GENERIC:9713	None	None	None	None
GENERIC:9714	None	None	None	None
GENERIC:9715	None	None	None	None
GENERIC:9716	None	None	None	None
GENERIC:9719	None	None	None	None
GENERIC:9720	cpd14860	name	tRNA(Pyl)	na
GENERIC:9721	cpd17290	name	L-pyrrolysyl-tRNA(Pyl)	na
GENERIC:9742	cpd15565	name	L-seryl-tRNA(Sec)	na
GENERIC:9743	cpd15563	name	L-selenocysteinyl-tRNA(Sec)	na
GENERIC:9745	None	None	None	None
GENERIC:9746	None	None	None	None
GENERIC:9748	None	None	None	None
GENERIC:9749	None	None	None	None
GENERIC:9752	None	None	None	None
GENERIC:9754	None	None	None	None
GENERIC:9755	None	None	None	None
GENERIC:9780	None	None	None	None
GENERIC:9785	None	None	None	None
GENERIC:9786	None	None	None	None
GENERIC:9787	None	None	None	None
GENERIC:9795	None	None	None	None
GENERIC:9797	None	None	None	None
GENERIC:9798	None	None	None	None
GENERIC:9805	None	None	None	None
GENERIC:9806	None	None	None	None
GENERIC:9845	None	None	None	None
GENERIC:9846	None	None	None	None
GENERIC:9849	None	None	None	None
GENERIC:9850	None	None	None	None
GENERIC:9863	None	None	None	None
GENERIC:9864	None	None	None	None
GENERIC:9867	None	None	None	None
GENERIC:9872	cpd36699	name	D-tyrosyl-tRNA(Tyr)	na
GENERIC:9916	cpd11726	name	a 3-oxoacyl-[ACP]	na
GENERIC:9921	None	None	None	None
GENERIC:9922	None	None	None	None
GENERIC:9923	cpd11770	name	L-alanyl-tRNA(Ala)	na
GENERIC:9924	None	None	None	None
GENERIC:9925	None	None	None	None
GENERIC:9926	None	None	None	None
GENERIC:9927	None	None	None	None
GENERIC:9928	None	None	None	None
GENERIC:9939	None	None	None	None
GENERIC:9940	cpd11546	name	4-methyl-3-oxopentanoyl-[ACP]	na
GENERIC:9941	cpd11521	name	5-methyl-3-oxohexanoyl-[ACP]	na
GENERIC:9942	cpd11496	name	4-methyl-3-oxohexanoyl-[ACP]	na
GENERIC:9943	None	None	None	None
GENERIC:9944	None	None	None	None
GENERIC:9945	None	None	None	None
GENERIC:9947	None	None	None	None
GENERIC:9952	cpd27614	name	N-formyl-L-methionyl-tRNA(fMet)	na
GENERIC:9953	cpd27378	name	L-methionyl-tRNA(fMet)	na
GENERIC:9954	cpd20921	name	malonyl-[ACP] methyl ester	na
GENERIC:9955	None	None	None	None
GENERIC:9998	cpd11723	name	reduced [adrenodoxin]	na
GENERIC:9999	cpd11724	name	oxidized [adrenodoxin]	na
POLYMER:10033	cpd11746	name	[(1->4)-beta-D-glucosyl](n)	na
POLYMER:10034	cpd11746	name	[(1->4)-beta-D-glucosyl](n+1)	na
POLYMER:10035	cpd11746	name	[(1->4)-beta-D-glucosyl](n-1)	na
POLYMER:10036	cpd11602	name	[(2->1)-beta-D-fructosyl](n)	na
POLYMER:10183	None	None	None	None
POLYMER:10564	None	None	None	None
POLYMER:10858	None	None	None	None
POLYMER:10859	None	None	None	None
POLYMER:10914	None	None	None	None
POLYMER:10930	None	None	None	None
POLYMER:10931	None	None	None	None
POLYMER:11044	None	None	None	None
POLYMER:11144	cpd11658	name	[(1->6)-alpha-D-glucosyl](n+1)	na
POLYMER:11145	cpd11658	name	[(1->6)-alpha-D-glucosyl](n)	na
POLYMER:11146	cpd11791	name	[(1->3)-beta-D-glucosyl](n)	na
POLYMER:11150	None	None	None	None
POLYMER:11151	None	None	None	None
POLYMER:11264	cpd11949	name	[alginate](n)	na
POLYMER:11266	None	None	None	None
POLYMER:11267	None	None	None	None
POLYMER:11270	None	None	None	None
POLYMER:11350	None	None	None	None
POLYMER:11351	None	None	None	None
POLYMER:11585	None	None	None	None
POLYMER:11686	None	None	None	None
POLYMER:11881	None	None	None	None
POLYMER:11882	None	None	None	None
POLYMER:11931	None	None	None	None
POLYMER:11986	cpd19014	name	dermatan	na
POLYMER:12047	None	None	None	None
POLYMER:12390	None	None	None	None
POLYMER:12391	None	None	None	None
POLYMER:12420	None	None	None	None
POLYMER:12421	None	None	None	None
POLYMER:12438	cpd12113	name	[Glu(-Cys)](n)-Gly	na
POLYMER:12439	cpd12176	name	[Glu(-Cys)](n+1)-Gly	na
POLYMER:12583	None	None	None	None
POLYMER:12585	None	None	None	None
POLYMER:12587	None	None	None	None
POLYMER:12597	None	None	None	None
POLYMER:12614	None	None	None	None
POLYMER:12621	None	None	None	None
POLYMER:12623	None	None	None	None
POLYMER:12624	None	None	None	None
POLYMER:12626	None	None	None	None
POLYMER:12627	None	None	None	None
POLYMER:12628	None	None	None	None
POLYMER:12629	None	None	None	None
POLYMER:12630	None	None	None	None
POLYMER:12631	None	None	None	None
POLYMER:12632	None	None	None	None
POLYMER:12633	None	None	None	None
POLYMER:12634	None	None	None	None
POLYMER:12635	None	None	None	None
POLYMER:12750	None	None	None	None
POLYMER:12823	None	None	None	None
POLYMER:12824	None	None	None	None
POLYMER:12825	None	None	None	None
POLYMER:12826	None	None	None	None
POLYMER:12827	None	None	None	None
POLYMER:12833	None	None	None	None
POLYMER:12840	None	None	None	None
POLYMER:12870	None	None	None	None
POLYMER:12871	None	None	None	None
POLYMER:12939	None	None	None	None
POLYMER:12940	None	None	None	None
POLYMER:12983	None	None	None	None
POLYMER:13088	None	None	None	None
POLYMER:13093	None	None	None	None
POLYMER:13094	None	None	None	None
POLYMER:13111	None	None	None	None
POLYMER:13112	None	None	None	None
POLYMER:13113	None	None	None	None
POLYMER:13114	None	None	None	None
POLYMER:13138	None	None	None	None
POLYMER:13139	None	None	None	None
POLYMER:13191	None	None	None	None
POLYMER:13194	None	None	None	None
POLYMER:13195	None	None	None	None
POLYMER:13257	None	None	None	None
POLYMER:13258	None	None	None	None
POLYMER:13355	None	None	None	None
POLYMER:13379	None	None	None	None
POLYMER:13431	cpd12788	name	di-trans,poly-cis-polyprenyl diphosphate	na
POLYMER:13458	None	None	None	None
POLYMER:13675	None	None	None	None
POLYMER:13676	None	None	None	None
POLYMER:13728	None	None	None	None
POLYMER:13732	None	None	None	None
POLYMER:13733	None	None	None	None
POLYMER:13734	None	None	None	None
POLYMER:13849	None	None	None	None
POLYMER:13850	None	None	None	None
POLYMER:14004	None	None	None	None
POLYMER:14053	None	None	None	None
POLYMER:14055	None	None	None	None
POLYMER:14060	None	None	None	None
POLYMER:14061	None	None	None	None
POLYMER:14256	None	None	None	None
POLYMER:14257	None	None	None	None
POLYMER:14260	None	None	None	None
POLYMER:14274	None	None	None	None
POLYMER:14276	None	None	None	None
POLYMER:14279	cpd11672	name	[phosphate](n-1)	na
POLYMER:14280	cpd11672	name	[phosphate](n+1)	na
POLYMER:14295	None	None	None	None
POLYMER:14296	cpd11602	name	[(2->1)-beta-D-fructosyl](n+1)	na
POLYMER:14299	cpd11949	name	[alginate](n+1)	na
POLYMER:14300	None	None	None	None
POLYMER:14301	None	None	None	None
POLYMER:14302	None	None	None	None
POLYMER:14303	cpd11791	name	[(1->3)-beta-D-glucosyl](n+1)	na
POLYMER:14304	cpd11791	name	[(1->3)-beta-D-glucosyl](n-1)	na
POLYMER:14315	None	None	None	None
POLYMER:14316	None	None	None	None
POLYMER:14317	None	None	None	None
POLYMER:14318	None	None	None	None
POLYMER:14319	None	None	None	None
POLYMER:14320	None	None	None	None
POLYMER:14378	None	None	None	None
POLYMER:14396	None	None	None	None
POLYMER:14397	None	None	None	None
POLYMER:14414	None	None	None	None
POLYMER:14464	None	None	None	None
POLYMER:14465	None	None	None	None
POLYMER:14481	cpd20943	name	[beta-GlcNAc-(1->4)-Mur2Ac(oyl-L-Ala-gamma-D-Glu-L-Lys-D-Ala-D-Ala)](n)	na
POLYMER:14482	cpd20944	name	[beta-GlcNAc-(1->4)-Mur2Ac(oyl-L-Ala-gamma-D-Glu-6-N-(beta-D-Asp)-L-Lys-D-Ala-D-Ala)]n	na
POLYMER:14484	None	None	None	None
POLYMER:14499	cpd12408	name	glucuronoxylan D-glucuronate	na
POLYMER:14500	cpd12550	name	glucuronoxylan 4-O-methyl-D-glucuronate	na
POLYMER:14518	None	None	None	None
POLYMER:14519	None	None	None	None
POLYMER:14520	None	None	None	None
POLYMER:14521	None	None	None	None
POLYMER:14522	None	None	None	None
POLYMER:14527	cpd29558	name	RNA(n)	na
POLYMER:14554	None	None	None	None
POLYMER:14570	cpd11686	name	[(1->4)-alpha-D-galacturonosyl](n)	na
POLYMER:14571	cpd11686	name	[(1->4)-alpha-D-galacturonosyl](n+1)	na
POLYMER:14572	cpd11686	name	[(1->4)-alpha-D-galacturonosyl](n-1)	na
POLYMER:14573	None	None	None	None
POLYMER:14584	cpd11792	name	cyclomaltodextrin	na
POLYMER:14598	None	None	None	None
POLYMER:14602	None	None	None	None
POLYMER:14606	None	None	None	None
POLYMER:14607	None	None	None	None
POLYMER:14621	None	None	None	None
POLYMER:14671	None	None	None	None
POLYMER:14672	None	None	None	None
POLYMER:14707	cpd11976	name	linear maltodextrin	na
POLYMER:14708	cpd11735	name	4-[(1->4)-alpha-D-glucosyl](n-1)-D-glucose	na
POLYMER:14709	None	None	None	None
POLYMER:14734	None	None	None	None
POLYMER:14738	None	None	None	None
POLYMER:14740	None	None	None	None
POLYMER:14818	None	None	None	None
POLYMER:14968	None	None	None	None
POLYMER:14969	None	None	None	None
POLYMER:15227	None	None	None	None
POLYMER:15259	None	None	None	None
POLYMER:15519	None	None	None	None
POLYMER:15675	None	None	None	None
POLYMER:15895	None	None	None	None
POLYMER:16082	None	None	None	None
POLYMER:16094	None	None	None	None
POLYMER:16922	None	None	None	None
POLYMER:16923	None	None	None	None
POLYMER:16941	None	None	None	None
POLYMER:17146	None	None	None	None
POLYMER:17147	None	None	None	None
POLYMER:17208	None	None	None	None
POLYMER:17209	None	None	None	None
POLYMER:17339	cpd29201	name	DNA(n)	na
POLYMER:17340	cpd11461	name	DNA(n+1)	na
POLYMER:17341	None	None	None	None
POLYMER:17342	cpd11613	name	RNA(n+1)	na
POLYMER:17343	cpd11615	name	tRNA(n)	na
POLYMER:17344	cpd11615	name	tRNA(n+1)	na
POLYMER:17347	None	None	None	None
POLYMER:17348	None	None	None	None
POLYMER:17484	None	None	None	None
POLYMER:17485	None	None	None	None
POLYMER:17486	None	None	None	None
POLYMER:17487	None	None	None	None
POLYMER:17746	None	None	None	None
POLYMER:9514	None	None	None	None
POLYMER:9516	None	None	None	None
POLYMER:9517	cpd11619	name	dolichyl phosphate	na
POLYMER:9518	cpd12587	name	dolichyl N-acetyl-alpha-D-glucosaminyl phosphate	na
POLYMER:9519	None	None	None	None
POLYMER:9520	cpd12568	name	N,N'-diacetylchitobiosyl diphosphodolichol	na
POLYMER:9521	None	None	None	None
POLYMER:9524	None	None	None	None
POLYMER:9525	None	None	None	None
POLYMER:9526	cpd11821	name	dolichyl D-xylosyl phosphate	na
POLYMER:9527	cpd12504	name	dolichyl beta-D-mannosyl phosphate	na
POLYMER:9528	cpd11831	name	dolichyl beta-D-glucosyl phosphate	na
POLYMER:9529	cpd11713	name	dolichyl diphosphate	na
POLYMER:9536	None	None	None	None
POLYMER:9537	None	None	None	None
POLYMER:9539	None	None	None	None
POLYMER:9548	cpd12085	name	[(1->4)-beta-D-xylan](n)	na
POLYMER:9549	cpd12085	name	[(1->4)-beta-D-xylan](n+1)	na
POLYMER:9550	None	None	None	None
POLYMER:9551	None	None	None	None
POLYMER:9554	None	None	None	None
POLYMER:9555	None	None	None	None
POLYMER:9556	None	None	None	None
POLYMER:9557	None	None	None	None
POLYMER:9558	None	None	None	None
POLYMER:9559	None	None	None	None
POLYMER:9560	None	None	None	None
POLYMER:9561	None	None	None	None
POLYMER:9562	None	None	None	None
POLYMER:9563	None	None	None	None
POLYMER:9564	None	None	None	None
POLYMER:9565	None	None	None	None
POLYMER:9566	None	None	None	None
POLYMER:9584	cpd11735	name	[(1->4)-alpha-D-glucosyl](n)	na
POLYMER:9586	cpd11735	name	[(1->4)-alpha-D-glucosyl](n-1)	na
POLYMER:9587	cpd11735	name	[(1->4)-alpha-D-glucosyl](n+1)	na
POLYMER:9593	cpd11683	name	[(1->4)-N-acetyl-beta-D-glucosaminyl](n)	na
POLYMER:9595	cpd11683	name	[(1->4)-N-acetyl-beta-D-glucosaminyl](n+1)	na
POLYMER:9597	cpd11741	name	chitosan	na
POLYMER:9602	None	None	None	None
POLYMER:9603	None	None	None	None
POLYMER:9612	cpd11967	name	acyldolichol	na
POLYMER:9766	None	None	None	None
POLYMER:9767	None	None	None	None
POLYMER:9820	None	None	None	None
POLYMER:9827	None	None	None	None
POLYMER:9828	cpd11717	name	chondroitin 6'-sulfate	na
POLYMER:9829	cpd11716	name	chondroitin 4'-sulfate	na
POLYMER:9830	None	None	None	None
POLYMER:9831	None	None	None	None
POLYMER:9859	cpd11672	name	[phosphate](n)	na
POLYMER:9965	None	None	None	None
